79.126.41.53 - - [30/Mar/2025:22:22:23 +0000] "GET /wp-content/uploads/2025/03/LogoWeyofTheWin-2.webp HTTP/1.1" 200 5494 "https://pathtowin.ru/404/" "Mozilla/5.0 (Windows NT 10.0; Win64; x64) AppleWebKit/537.36 (KHTML, like Gecko) Chrome/132.0.0.0 Safari/537.36 OPR/117.0.0.0"
79.126.41.53 - - [30/Mar/2025:22:22:23 +0000] "GET /wp-content/uploads/2025/03/cropped-cropped-6f164e06-0a38-4a0f-a62c-e0b5515c6af1-32x32.webp HTTP/1.1" 200 626 "https://pathtowin.ru/404/" "Mozilla/5.0 (Windows NT 10.0; Win64; x64) AppleWebKit/537.36 (KHTML, like Gecko) Chrome/132.0.0.0 Safari/537.36 OPR/117.0.0.0"
79.126.41.53 - - [30/Mar/2025:22:22:23 +0000] "GET /wp-content/uploads/2025/03/cropped-cropped-6f164e06-0a38-4a0f-a62c-e0b5515c6af1-180x180.webp HTTP/1.1" 200 2922 "https://pathtowin.ru/404/" "Mozilla/5.0 (Windows NT 10.0; Win64; x64) AppleWebKit/537.36 (KHTML, like Gecko) Chrome/132.0.0.0 Safari/537.36 OPR/117.0.0.0"
79.126.41.53 - - [30/Mar/2025:22:28:42 +0000] "GET /wp-content/uploads/2025/03/LogoWeyofTheWin-2-630x1024.webp HTTP/1.1" 200 7810 "https://pathtowin.ru/" "Mozilla/5.0 (Windows NT 10.0; Win64; x64) AppleWebKit/537.36 (KHTML, like Gecko) Chrome/132.0.0.0 Safari/537.36 OPR/117.0.0.0"
195.122.229.112 - - [30/Mar/2025:22:28:58 +0000] "GET /wp-content/uploads/2025/03/LogoWeyofTheWin-2-630x1024.webp HTTP/1.1" 200 7810 "https://pathtowin.ru/" "Mozilla/5.0 (Windows NT 10.0; Win64; x64) AppleWebKit/537.36 (KHTML, like Gecko) Chrome/134.0.0.0 Safari/537.36 Edg/134.0.0.0"
195.122.229.112 - - [30/Mar/2025:22:28:58 +0000] "GET /wp-content/uploads/2025/03/LogoWeyofTheWin-2.webp HTTP/1.1" 200 5494 "https://pathtowin.ru/" "Mozilla/5.0 (Windows NT 10.0; Win64; x64) AppleWebKit/537.36 (KHTML, like Gecko) Chrome/134.0.0.0 Safari/537.36 Edg/134.0.0.0"
195.122.229.112 - - [30/Mar/2025:22:28:59 +0000] "GET /wp-content/uploads/2025/03/cropped-cropped-6f164e06-0a38-4a0f-a62c-e0b5515c6af1-32x32.webp HTTP/1.1" 200 626 "https://pathtowin.ru/" "Mozilla/5.0 (Windows NT 10.0; Win64; x64) AppleWebKit/537.36 (KHTML, like Gecko) Chrome/134.0.0.0 Safari/537.36 Edg/134.0.0.0"
79.126.41.53 - - [30/Mar/2025:22:29:08 +0000] "GET /wp-admin/images/wordpress-logo.svg?ver=20131107 HTTP/1.1" 200 1521 "https://pathtowin.ru/wp-admin/css/login.min.css?ver=6.7.2" "Mozilla/5.0 (Windows NT 10.0; Win64; x64) AppleWebKit/537.36 (KHTML, like Gecko) Chrome/132.0.0.0 Safari/537.36 OPR/117.0.0.0"
79.126.41.53 - - [30/Mar/2025:22:29:21 +0000] "GET /wp-content/plugins/wp-fastest-cache/images/icon.svg HTTP/1.1" 200 23965 "https://pathtowin.ru/wp-admin/" "Mozilla/5.0 (Windows NT 10.0; Win64; x64) AppleWebKit/537.36 (KHTML, like Gecko) Chrome/132.0.0.0 Safari/537.36 OPR/117.0.0.0"
79.126.41.53 - - [30/Mar/2025:22:29:21 +0000] "GET /wp-content/plugins/wpforms-lite/assets/images/lite-connect/info-circle.svg HTTP/1.1" 200 1043 "https://pathtowin.ru/wp-admin/" "Mozilla/5.0 (Windows NT 10.0; Win64; x64) AppleWebKit/537.36 (KHTML, like Gecko) Chrome/132.0.0.0 Safari/537.36 OPR/117.0.0.0"
79.126.41.53 - - [30/Mar/2025:22:29:22 +0000] "GET /wp-content/plugins/header-footer-elementor/assets/images/settings/dashboard-logo.svg HTTP/1.1" 200 10829 "https://pathtowin.ru/wp-admin/" "Mozilla/5.0 (Windows NT 10.0; Win64; x64) AppleWebKit/537.36 (KHTML, like Gecko) Chrome/132.0.0.0 Safari/537.36 OPR/117.0.0.0"
79.126.41.53 - - [30/Mar/2025:22:29:22 +0000] "GET /wp-content/plugins/elementor/assets/lib/eicons/fonts/eicons.woff2?5.36.0 HTTP/1.1" 200 99440 "https://pathtowin.ru/wp-content/plugins/elementor/assets/lib/eicons/css/elementor-icons.min.css?ver=5.36.0" "Mozilla/5.0 (Windows NT 10.0; Win64; x64) AppleWebKit/537.36 (KHTML, like Gecko) Chrome/132.0.0.0 Safari/537.36 OPR/117.0.0.0"
79.126.41.53 - - [30/Mar/2025:22:29:25 +0000] "GET /wp-content/uploads/2025/03/cropped-cropped-6f164e06-0a38-4a0f-a62c-e0b5515c6af1.webp HTTP/1.1" 200 8036 "https://pathtowin.ru/wp-admin/options-general.php" "Mozilla/5.0 (Windows NT 10.0; Win64; x64) AppleWebKit/537.36 (KHTML, like Gecko) Chrome/132.0.0.0 Safari/537.36 OPR/117.0.0.0"
79.126.41.53 - - [30/Mar/2025:22:29:46 +0000] "GET /wp-content/plugins/wp-fastest-cache/images/icon.svg HTTP/1.1" 200 23965 "https://pathtowin.ru/wp-admin/options-general.php" "Mozilla/5.0 (Windows NT 10.0; Win64; x64) AppleWebKit/537.36 (KHTML, like Gecko) Chrome/132.0.0.0 Safari/537.36 OPR/117.0.0.0"
79.126.41.53 - - [30/Mar/2025:22:29:47 +0000] "GET /wp-content/uploads/2025/03/cropped-cropped-6f164e06-0a38-4a0f-a62c-e0b5515c6af1.webp HTTP/1.1" 200 8036 "https://pathtowin.ru/wp-admin/options-general.php" "Mozilla/5.0 (Windows NT 10.0; Win64; x64) AppleWebKit/537.36 (KHTML, like Gecko) Chrome/132.0.0.0 Safari/537.36 OPR/117.0.0.0"
79.126.41.53 - - [30/Mar/2025:22:29:47 +0000] "GET /wp-content/plugins/header-footer-elementor/assets/images/settings/dashboard-logo.svg HTTP/1.1" 200 10829 "https://pathtowin.ru/wp-admin/options-general.php" "Mozilla/5.0 (Windows NT 10.0; Win64; x64) AppleWebKit/537.36 (KHTML, like Gecko) Chrome/132.0.0.0 Safari/537.36 OPR/117.0.0.0"
79.126.41.53 - - [30/Mar/2025:22:29:47 +0000] "GET /wp-content/plugins/elementor/assets/lib/eicons/fonts/eicons.woff2?5.36.0 HTTP/1.1" 200 99440 "https://pathtowin.ru/wp-content/plugins/elementor/assets/lib/eicons/css/elementor-icons.min.css?ver=5.36.0" "Mozilla/5.0 (Windows NT 10.0; Win64; x64) AppleWebKit/537.36 (KHTML, like Gecko) Chrome/132.0.0.0 Safari/537.36 OPR/117.0.0.0"
79.126.41.53 - - [30/Mar/2025:22:29:48 +0000] "GET /wp-content/uploads/2025/03/cropped-cropped-6f164e06-0a38-4a0f-a62c-e0b5515c6af1-32x32.webp HTTP/1.1" 200 626 "https://pathtowin.ru/wp-admin/options-general.php" "Mozilla/5.0 (Windows NT 10.0; Win64; x64) AppleWebKit/537.36 (KHTML, like Gecko) Chrome/132.0.0.0 Safari/537.36 OPR/117.0.0.0"
79.126.41.53 - - [30/Mar/2025:22:29:48 +0000] "GET /wp-content/uploads/2025/03/cropped-cropped-6f164e06-0a38-4a0f-a62c-e0b5515c6af1-180x180.webp HTTP/1.1" 200 2922 "https://pathtowin.ru/wp-admin/options-general.php" "Mozilla/5.0 (Windows NT 10.0; Win64; x64) AppleWebKit/537.36 (KHTML, like Gecko) Chrome/132.0.0.0 Safari/537.36 OPR/117.0.0.0"
79.126.41.53 - - [30/Mar/2025:22:30:36 +0000] "GET /wp-content/plugins/header-footer-elementor/assets/images/settings/white-logo.svg HTTP/1.1" 200 10821 "https://pathtowin.ru/wp-admin/admin.php?page=hfe" "Mozilla/5.0 (Windows NT 10.0; Win64; x64) AppleWebKit/537.36 (KHTML, like Gecko) Chrome/132.0.0.0 Safari/537.36 OPR/117.0.0.0"
79.126.41.53 - - [30/Mar/2025:22:30:37 +0000] "GET /wp-content/plugins/header-footer-elementor/assets/images/settings/logo.svg HTTP/1.1" 200 10883 "https://pathtowin.ru/wp-admin/admin.php?page=hfe" "Mozilla/5.0 (Windows NT 10.0; Win64; x64) AppleWebKit/537.36 (KHTML, like Gecko) Chrome/132.0.0.0 Safari/537.36 OPR/117.0.0.0"
79.126.41.53 - - [30/Mar/2025:22:30:37 +0000] "GET /wp-content/plugins/header-footer-elementor/assets/images/settings/astra.svg HTTP/1.1" 200 1103 "https://pathtowin.ru/wp-admin/admin.php?page=hfe" "Mozilla/5.0 (Windows NT 10.0; Win64; x64) AppleWebKit/537.36 (KHTML, like Gecko) Chrome/132.0.0.0 Safari/537.36 OPR/117.0.0.0"
79.126.41.53 - - [30/Mar/2025:22:30:37 +0000] "GET /wp-content/plugins/header-footer-elementor/assets/images/settings/stemplates.svg HTTP/1.1" 200 6023 "https://pathtowin.ru/wp-admin/admin.php?page=hfe" "Mozilla/5.0 (Windows NT 10.0; Win64; x64) AppleWebKit/537.36 (KHTML, like Gecko) Chrome/132.0.0.0 Safari/537.36 OPR/117.0.0.0"
79.126.41.53 - - [30/Mar/2025:22:30:37 +0000] "GET /wp-content/plugins/header-footer-elementor/assets/images/settings/surecart.svg HTTP/1.1" 200 675 "https://pathtowin.ru/wp-admin/admin.php?page=hfe" "Mozilla/5.0 (Windows NT 10.0; Win64; x64) AppleWebKit/537.36 (KHTML, like Gecko) Chrome/132.0.0.0 Safari/537.36 OPR/117.0.0.0"
79.126.41.53 - - [30/Mar/2025:22:30:37 +0000] "GET /wp-content/plugins/header-footer-elementor/assets/fonts/hfe.ttf?ejqak3 HTTP/1.1" 200 36292 "https://pathtowin.ru/wp-content/plugins/header-footer-elementor/assets/css/style.css?ver=2.2.3" "Mozilla/5.0 (Windows NT 10.0; Win64; x64) AppleWebKit/537.36 (KHTML, like Gecko) Chrome/132.0.0.0 Safari/537.36 OPR/117.0.0.0"
79.126.41.53 - - [30/Mar/2025:22:30:37 +0000] "GET /wp-content/plugins/header-footer-elementor/assets/images/settings/pplayer.svg HTTP/1.1" 200 2815 "https://pathtowin.ru/wp-admin/admin.php?page=hfe" "Mozilla/5.0 (Windows NT 10.0; Win64; x64) AppleWebKit/537.36 (KHTML, like Gecko) Chrome/132.0.0.0 Safari/537.36 OPR/117.0.0.0"
79.126.41.53 - - [30/Mar/2025:22:33:40 +0000] "GET /wp-admin/images/about-release-badge.svg?ver=6.7 HTTP/1.1" 200 1956 "https://pathtowin.ru/wp-admin/about.php" "Mozilla/5.0 (Windows NT 10.0; Win64; x64) AppleWebKit/537.36 (KHTML, like Gecko) Chrome/132.0.0.0 Safari/537.36 OPR/117.0.0.0"
195.122.229.112 - - [30/Mar/2025:22:35:14 +0000] "GET /wp-content/uploads/2025/03/cropped-cropped-6f164e06-0a38-4a0f-a62c-e0b5515c6af1-32x32.webp HTTP/1.1" 200 626 "https://pathtowin.ru/" "Mozilla/5.0 (Windows NT 10.0; Win64; x64) AppleWebKit/537.36 (KHTML, like Gecko) Chrome/134.0.0.0 Safari/537.36 Edg/134.0.0.0"
195.122.229.112 - - [30/Mar/2025:22:35:15 +0000] "GET /wp-content/uploads/2025/03/LogoWeyofTheWin-2-630x1024.webp HTTP/1.1" 200 7810 "https://pathtowin.ru/" "Mozilla/5.0 (Windows NT 10.0; Win64; x64) AppleWebKit/537.36 (KHTML, like Gecko) Chrome/134.0.0.0 Safari/537.36 Edg/134.0.0.0"
195.122.229.112 - - [30/Mar/2025:22:35:15 +0000] "GET /wp-content/uploads/2025/03/LogoWeyofTheWin-2.webp HTTP/1.1" 200 5494 "https://pathtowin.ru/" "Mozilla/5.0 (Windows NT 10.0; Win64; x64) AppleWebKit/537.36 (KHTML, like Gecko) Chrome/134.0.0.0 Safari/537.36 Edg/134.0.0.0"
195.122.229.112 - - [30/Mar/2025:22:35:16 +0000] "GET /wp-content/uploads/2025/03/cropped-cropped-6f164e06-0a38-4a0f-a62c-e0b5515c6af1-32x32.webp HTTP/1.1" 200 626 "https://pathtowin.ru/" "Mozilla/5.0 (Windows NT 10.0; Win64; x64) AppleWebKit/537.36 (KHTML, like Gecko) Chrome/134.0.0.0 Safari/537.36 Edg/134.0.0.0"
195.122.229.112 - - [30/Mar/2025:22:35:26 +0000] "GET /wp-content/uploads/2025/03/cropped-cropped-6f164e06-0a38-4a0f-a62c-e0b5515c6af1-32x32.webp HTTP/1.1" 200 626 "https://pathtowin.ru/" "Mozilla/5.0 (Windows NT 10.0; Win64; x64) AppleWebKit/537.36 (KHTML, like Gecko) Chrome/134.0.0.0 Safari/537.36 Edg/134.0.0.0"
79.126.41.53 - - [30/Mar/2025:22:35:36 +0000] "GET /wp-content/uploads/elementor/google-fonts/fonts/roboto-kfo7cnqeu92fr1me7ksn66agldtyluama3iubgee.woff2 HTTP/1.1" 200 22796 "https://pathtowin.ru/wp-content/uploads/elementor/google-fonts/css/roboto.css?ver=1743374126" "Mozilla/5.0 (Windows NT 10.0; Win64; x64) AppleWebKit/537.36 (KHTML, like Gecko) Chrome/132.0.0.0 Safari/537.36 OPR/117.0.0.0"
79.126.41.53 - - [30/Mar/2025:22:35:36 +0000] "GET /wp-content/uploads/elementor/google-fonts/fonts/roboto-kfo7cnqeu92fr1me7ksn66agldtyluama3yuba.woff2 HTTP/1.1" 200 40128 "https://pathtowin.ru/wp-content/uploads/elementor/google-fonts/css/roboto.css?ver=1743374126" "Mozilla/5.0 (Windows NT 10.0; Win64; x64) AppleWebKit/537.36 (KHTML, like Gecko) Chrome/132.0.0.0 Safari/537.36 OPR/117.0.0.0"
195.122.229.112 - - [30/Mar/2025:22:35:38 +0000] "GET /wp-content/uploads/2025/03/LogoWeyofTheWin-2-630x1024.webp HTTP/1.1" 200 7810 "https://pathtowin.ru/" "Mozilla/5.0 (Windows NT 10.0; Win64; x64) AppleWebKit/537.36 (KHTML, like Gecko) Chrome/134.0.0.0 Safari/537.36 Edg/134.0.0.0"
195.122.229.112 - - [30/Mar/2025:22:35:38 +0000] "GET /wp-content/uploads/2025/03/LogoWeyofTheWin-2.webp HTTP/1.1" 200 5494 "https://pathtowin.ru/" "Mozilla/5.0 (Windows NT 10.0; Win64; x64) AppleWebKit/537.36 (KHTML, like Gecko) Chrome/134.0.0.0 Safari/537.36 Edg/134.0.0.0"
195.122.229.112 - - [30/Mar/2025:22:35:38 +0000] "GET /wp-content/uploads/elementor/google-fonts/fonts/roboto-kfo7cnqeu92fr1me7ksn66agldtyluama3iubgee.woff2 HTTP/1.1" 200 22796 "https://pathtowin.ru/wp-content/uploads/elementor/google-fonts/css/roboto.css?ver=1743374126" "Mozilla/5.0 (Windows NT 10.0; Win64; x64) AppleWebKit/537.36 (KHTML, like Gecko) Chrome/134.0.0.0 Safari/537.36 Edg/134.0.0.0"
195.122.229.112 - - [30/Mar/2025:22:35:38 +0000] "GET /wp-content/uploads/elementor/google-fonts/fonts/roboto-kfo7cnqeu92fr1me7ksn66agldtyluama3yuba.woff2 HTTP/1.1" 200 40128 "https://pathtowin.ru/wp-content/uploads/elementor/google-fonts/css/roboto.css?ver=1743374126" "Mozilla/5.0 (Windows NT 10.0; Win64; x64) AppleWebKit/537.36 (KHTML, like Gecko) Chrome/134.0.0.0 Safari/537.36 Edg/134.0.0.0"
195.122.229.112 - - [30/Mar/2025:22:35:38 +0000] "GET /wp-content/uploads/2025/03/cropped-cropped-6f164e06-0a38-4a0f-a62c-e0b5515c6af1-32x32.webp HTTP/1.1" 200 626 "https://pathtowin.ru/" "Mozilla/5.0 (Windows NT 10.0; Win64; x64) AppleWebKit/537.36 (KHTML, like Gecko) Chrome/134.0.0.0 Safari/537.36 Edg/134.0.0.0"
79.126.41.53 - - [30/Mar/2025:22:35:38 +0000] "GET /wp-content/plugins/ultimate-member/assets/libs/legacy/fonticons/font/ionicons.woff?v=2.0.0 HTTP/1.1" 200 68060 "https://pathtowin.ru/wp-content/plugins/ultimate-member/assets/libs/legacy/fonticons/fonticons-ii.min.css?ver=2.10.1" "Mozilla/5.0 (Windows NT 10.0; Win64; x64) AppleWebKit/537.36 (KHTML, like Gecko) Chrome/132.0.0.0 Safari/537.36 OPR/117.0.0.0"
79.126.41.53 - - [30/Mar/2025:22:35:38 +0000] "GET /wp-content/plugins/ultimate-member/assets/libs/legacy/fonticons/font/fontawesome-webfont.woff?v=4.2.0 HTTP/1.1" 200 98024 "https://pathtowin.ru/wp-content/plugins/ultimate-member/assets/libs/legacy/fonticons/fonticons-fa.min.css?ver=2.10.1" "Mozilla/5.0 (Windows NT 10.0; Win64; x64) AppleWebKit/537.36 (KHTML, like Gecko) Chrome/132.0.0.0 Safari/537.36 OPR/117.0.0.0"
195.122.229.112 - - [30/Mar/2025:22:35:51 +0000] "GET /wp-content/uploads/2025/03/LogoWeyofTheWin-2-630x1024.webp HTTP/1.1" 200 7810 "https://pathtowin.ru/" "Mozilla/5.0 (Windows NT 10.0; Win64; x64) AppleWebKit/537.36 (KHTML, like Gecko) Chrome/134.0.0.0 Safari/537.36 Edg/134.0.0.0"
195.122.229.112 - - [30/Mar/2025:22:35:51 +0000] "GET /wp-content/uploads/2025/03/LogoWeyofTheWin-2.webp HTTP/1.1" 200 5494 "https://pathtowin.ru/" "Mozilla/5.0 (Windows NT 10.0; Win64; x64) AppleWebKit/537.36 (KHTML, like Gecko) Chrome/134.0.0.0 Safari/537.36 Edg/134.0.0.0"
195.122.229.112 - - [30/Mar/2025:22:35:51 +0000] "GET /wp-content/uploads/elementor/google-fonts/fonts/roboto-kfo7cnqeu92fr1me7ksn66agldtyluama3iubgee.woff2 HTTP/1.1" 200 22796 "https://pathtowin.ru/wp-content/uploads/elementor/google-fonts/css/roboto.css?ver=1743374126" "Mozilla/5.0 (Windows NT 10.0; Win64; x64) AppleWebKit/537.36 (KHTML, like Gecko) Chrome/134.0.0.0 Safari/537.36 Edg/134.0.0.0"
195.122.229.112 - - [30/Mar/2025:22:35:51 +0000] "GET /wp-content/uploads/elementor/google-fonts/fonts/roboto-kfo7cnqeu92fr1me7ksn66agldtyluama3yuba.woff2 HTTP/1.1" 200 40128 "https://pathtowin.ru/wp-content/uploads/elementor/google-fonts/css/roboto.css?ver=1743374126" "Mozilla/5.0 (Windows NT 10.0; Win64; x64) AppleWebKit/537.36 (KHTML, like Gecko) Chrome/134.0.0.0 Safari/537.36 Edg/134.0.0.0"
195.122.229.112 - - [30/Mar/2025:22:35:51 +0000] "GET /wp-content/uploads/2025/03/cropped-cropped-6f164e06-0a38-4a0f-a62c-e0b5515c6af1-32x32.webp HTTP/1.1" 200 626 "https://pathtowin.ru/" "Mozilla/5.0 (Windows NT 10.0; Win64; x64) AppleWebKit/537.36 (KHTML, like Gecko) Chrome/134.0.0.0 Safari/537.36 Edg/134.0.0.0"
195.122.229.112 - - [30/Mar/2025:22:35:53 +0000] "GET /wp-content/uploads/2025/03/LogoWeyofTheWin-2-185x300.webp HTTP/1.1" 200 2056 "https://pathtowin.ru/login/" "Mozilla/5.0 (Windows NT 10.0; Win64; x64) AppleWebKit/537.36 (KHTML, like Gecko) Chrome/134.0.0.0 Safari/537.36 Edg/134.0.0.0"
195.122.229.112 - - [30/Mar/2025:22:35:54 +0000] "GET /wp-content/plugins/forminator/assets/forminator-ui/fonts/forminator-icons-font.woff2?1.7.4 HTTP/1.1" 200 4152 "https://pathtowin.ru/wp-content/plugins/forminator/assets/forminator-ui/css/forminator-icons.min.css?ver=1.41.2" "Mozilla/5.0 (Windows NT 10.0; Win64; x64) AppleWebKit/537.36 (KHTML, like Gecko) Chrome/134.0.0.0 Safari/537.36 Edg/134.0.0.0"
79.126.41.53 - - [30/Mar/2025:22:35:58 +0000] "GET /wp-content/uploads/2025/03/LogoWeyofTheWin-2-185x300.webp HTTP/1.1" 200 2056 "https://pathtowin.ru/login/" "Mozilla/5.0 (Windows NT 10.0; Win64; x64) AppleWebKit/537.36 (KHTML, like Gecko) Chrome/132.0.0.0 Safari/537.36 OPR/117.0.0.0"
79.126.41.53 - - [30/Mar/2025:22:36:00 +0000] "GET /wp-content/plugins/forminator/assets/forminator-ui/fonts/forminator-icons-font.woff2?1.7.4 HTTP/1.1" 200 4152 "https://pathtowin.ru/wp-content/plugins/forminator/assets/forminator-ui/css/forminator-icons.min.css?ver=1.41.2" "Mozilla/5.0 (Windows NT 10.0; Win64; x64) AppleWebKit/537.36 (KHTML, like Gecko) Chrome/132.0.0.0 Safari/537.36 OPR/117.0.0.0"
195.122.229.112 - - [30/Mar/2025:22:37:28 +0000] "GET /wp-content/uploads/2025/03/LogoWeyofTheWin-2.webp HTTP/1.1" 200 5494 "https://pathtowin.ru/" "Mozilla/5.0 (Linux; Android 10; K) AppleWebKit/537.36 (KHTML, like Gecko) Chrome/133.0.0.0 Mobile Safari/537.36"
195.122.229.112 - - [30/Mar/2025:22:37:28 +0000] "GET /wp-content/uploads/elementor/google-fonts/fonts/roboto-kfo7cnqeu92fr1me7ksn66agldtyluama3iubgee.woff2 HTTP/1.1" 200 22796 "https://pathtowin.ru/wp-content/uploads/elementor/google-fonts/css/roboto.css?ver=1743374126" "Mozilla/5.0 (Linux; Android 10; K) AppleWebKit/537.36 (KHTML, like Gecko) Chrome/133.0.0.0 Mobile Safari/537.36"
195.122.229.112 - - [30/Mar/2025:22:37:28 +0000] "GET /wp-content/uploads/elementor/google-fonts/fonts/roboto-kfo7cnqeu92fr1me7ksn66agldtyluama3yuba.woff2 HTTP/1.1" 200 40128 "https://pathtowin.ru/wp-content/uploads/elementor/google-fonts/css/roboto.css?ver=1743374126" "Mozilla/5.0 (Linux; Android 10; K) AppleWebKit/537.36 (KHTML, like Gecko) Chrome/133.0.0.0 Mobile Safari/537.36"
195.122.229.112 - - [30/Mar/2025:22:37:28 +0000] "GET /wp-content/uploads/2025/03/cropped-cropped-6f164e06-0a38-4a0f-a62c-e0b5515c6af1-192x192.webp HTTP/1.1" 200 3120 "https://pathtowin.ru/" "Mozilla/5.0 (Linux; Android 10; K) AppleWebKit/537.36 (KHTML, like Gecko) Chrome/133.0.0.0 Mobile Safari/537.36"
195.122.229.112 - - [30/Mar/2025:22:37:28 +0000] "GET /wp-content/uploads/2025/03/cropped-cropped-6f164e06-0a38-4a0f-a62c-e0b5515c6af1-180x180.webp HTTP/1.1" 200 2922 "https://pathtowin.ru/" "Mozilla/5.0 (Linux; Android 10; K) AppleWebKit/537.36 (KHTML, like Gecko) Chrome/133.0.0.0 Mobile Safari/537.36"
79.126.41.53 - - [30/Mar/2025:22:37:45 +0000] "GET /wp-content/plugins/elementor/assets/images/logo-panel.svg HTTP/1.1" 200 3455 "https://pathtowin.ru/wp-admin/post.php?post=585&action=elementor" "Mozilla/5.0 (Windows NT 10.0; Win64; x64) AppleWebKit/537.36 (KHTML, like Gecko) Chrome/132.0.0.0 Safari/537.36 OPR/117.0.0.0"
79.126.41.53 - - [30/Mar/2025:22:37:45 +0000] "GET /wp-content/plugins/wpforms-lite/assets/images/integrations/elementor/font/icon-wpforms.woff2 HTTP/1.1" 200 2632 "https://pathtowin.ru/wp-content/plugins/wpforms-lite/assets/css/admin-integrations.min.css?ver=1.9.4.2" "Mozilla/5.0 (Windows NT 10.0; Win64; x64) AppleWebKit/537.36 (KHTML, like Gecko) Chrome/132.0.0.0 Safari/537.36 OPR/117.0.0.0"
79.126.41.53 - - [30/Mar/2025:22:37:45 +0000] "GET /wp-content/plugins/elementor/assets/images/information.svg HTTP/1.1" 200 5812 "https://pathtowin.ru/wp-admin/post.php?post=585&action=elementor" "Mozilla/5.0 (Windows NT 10.0; Win64; x64) AppleWebKit/537.36 (KHTML, like Gecko) Chrome/132.0.0.0 Safari/537.36 OPR/117.0.0.0"
79.126.41.53 - - [30/Mar/2025:22:37:45 +0000] "GET /wp-content/plugins/elementor/assets/images/unlock-sticky.svg HTTP/1.1" 200 9520 "https://pathtowin.ru/wp-admin/post.php?post=585&action=elementor" "Mozilla/5.0 (Windows NT 10.0; Win64; x64) AppleWebKit/537.36 (KHTML, like Gecko) Chrome/132.0.0.0 Safari/537.36 OPR/117.0.0.0"
79.126.41.53 - - [30/Mar/2025:22:37:45 +0000] "GET /wp-content/uploads/elementor/google-fonts/fonts/roboto-kfo5cnqeu92fr1mu53zec9_vu3r1gihoszmkbnka.woff2 HTTP/1.1" 200 44192 "https://pathtowin.ru/wp-content/uploads/elementor/google-fonts/css/roboto.css?ver=1743374126" "Mozilla/5.0 (Windows NT 10.0; Win64; x64) AppleWebKit/537.36 (KHTML, like Gecko) Chrome/132.0.0.0 Safari/537.36 OPR/117.0.0.0"
195.122.229.112 - - [30/Mar/2025:22:41:10 +0000] "GET /wp-content/uploads/2025/03/LogoWeyofTheWin-2-630x1024.webp HTTP/1.1" 200 7810 "https://pathtowin.ru/" "Mozilla/5.0 (Windows NT 10.0; Win64; x64) AppleWebKit/537.36 (KHTML, like Gecko) Chrome/134.0.0.0 Safari/537.36 Edg/134.0.0.0"
195.122.229.112 - - [30/Mar/2025:22:41:10 +0000] "GET /wp-content/uploads/2025/03/LogoWeyofTheWin-2.webp HTTP/1.1" 200 5494 "https://pathtowin.ru/" "Mozilla/5.0 (Windows NT 10.0; Win64; x64) AppleWebKit/537.36 (KHTML, like Gecko) Chrome/134.0.0.0 Safari/537.36 Edg/134.0.0.0"
195.122.229.112 - - [30/Mar/2025:22:41:10 +0000] "GET /wp-content/uploads/elementor/google-fonts/fonts/roboto-kfo7cnqeu92fr1me7ksn66agldtyluama3iubgee.woff2 HTTP/1.1" 200 22796 "https://pathtowin.ru/wp-content/uploads/elementor/google-fonts/css/roboto.css?ver=1743374126" "Mozilla/5.0 (Windows NT 10.0; Win64; x64) AppleWebKit/537.36 (KHTML, like Gecko) Chrome/134.0.0.0 Safari/537.36 Edg/134.0.0.0"
195.122.229.112 - - [30/Mar/2025:22:41:10 +0000] "GET /wp-content/uploads/elementor/google-fonts/fonts/roboto-kfo7cnqeu92fr1me7ksn66agldtyluama3yuba.woff2 HTTP/1.1" 200 40128 "https://pathtowin.ru/wp-content/uploads/elementor/google-fonts/css/roboto.css?ver=1743374126" "Mozilla/5.0 (Windows NT 10.0; Win64; x64) AppleWebKit/537.36 (KHTML, like Gecko) Chrome/134.0.0.0 Safari/537.36 Edg/134.0.0.0"
195.122.229.112 - - [30/Mar/2025:22:41:10 +0000] "GET /wp-content/uploads/2025/03/cropped-cropped-6f164e06-0a38-4a0f-a62c-e0b5515c6af1-32x32.webp HTTP/1.1" 200 626 "https://pathtowin.ru/" "Mozilla/5.0 (Windows NT 10.0; Win64; x64) AppleWebKit/537.36 (KHTML, like Gecko) Chrome/134.0.0.0 Safari/537.36 Edg/134.0.0.0"
195.122.229.112 - - [30/Mar/2025:22:41:12 +0000] "GET /wp-content/uploads/2025/03/LogoWeyofTheWin-2-630x1024.webp HTTP/1.1" 200 7810 "https://pathtowin.ru/login/" "Mozilla/5.0 (Windows NT 10.0; Win64; x64) AppleWebKit/537.36 (KHTML, like Gecko) Chrome/134.0.0.0 Safari/537.36 Edg/134.0.0.0"
195.122.229.112 - - [30/Mar/2025:22:41:12 +0000] "GET /wp-content/uploads/2025/03/LogoWeyofTheWin-2-185x300.webp HTTP/1.1" 200 2056 "https://pathtowin.ru/login/" "Mozilla/5.0 (Windows NT 10.0; Win64; x64) AppleWebKit/537.36 (KHTML, like Gecko) Chrome/134.0.0.0 Safari/537.36 Edg/134.0.0.0"
195.122.229.112 - - [30/Mar/2025:22:41:12 +0000] "GET /wp-content/uploads/2025/03/LogoWeyofTheWin-2.webp HTTP/1.1" 200 5494 "https://pathtowin.ru/login/" "Mozilla/5.0 (Windows NT 10.0; Win64; x64) AppleWebKit/537.36 (KHTML, like Gecko) Chrome/134.0.0.0 Safari/537.36 Edg/134.0.0.0"
195.122.229.112 - - [30/Mar/2025:22:41:12 +0000] "GET /wp-content/uploads/elementor/google-fonts/fonts/roboto-kfo7cnqeu92fr1me7ksn66agldtyluama3iubgee.woff2 HTTP/1.1" 200 22796 "https://pathtowin.ru/wp-content/uploads/elementor/google-fonts/css/roboto.css?ver=1743374126" "Mozilla/5.0 (Windows NT 10.0; Win64; x64) AppleWebKit/537.36 (KHTML, like Gecko) Chrome/134.0.0.0 Safari/537.36 Edg/134.0.0.0"
195.122.229.112 - - [30/Mar/2025:22:41:12 +0000] "GET /wp-content/uploads/elementor/google-fonts/fonts/roboto-kfo7cnqeu92fr1me7ksn66agldtyluama3yuba.woff2 HTTP/1.1" 200 40128 "https://pathtowin.ru/wp-content/uploads/elementor/google-fonts/css/roboto.css?ver=1743374126" "Mozilla/5.0 (Windows NT 10.0; Win64; x64) AppleWebKit/537.36 (KHTML, like Gecko) Chrome/134.0.0.0 Safari/537.36 Edg/134.0.0.0"
195.122.229.112 - - [30/Mar/2025:22:41:12 +0000] "GET /wp-content/plugins/forminator/assets/forminator-ui/fonts/forminator-icons-font.woff2?1.7.4 HTTP/1.1" 200 4152 "https://pathtowin.ru/wp-content/plugins/forminator/assets/forminator-ui/css/forminator-icons.min.css?ver=1.41.2" "Mozilla/5.0 (Windows NT 10.0; Win64; x64) AppleWebKit/537.36 (KHTML, like Gecko) Chrome/134.0.0.0 Safari/537.36 Edg/134.0.0.0"
79.126.41.53 - - [30/Mar/2025:22:41:32 +0000] "GET /wp-content/uploads/elementor/google-fonts/fonts/roboto-kfo7cnqeu92fr1me7ksn66agldtyluama3iubgee.woff2 HTTP/1.1" 304 0 "https://pathtowin.ru/wp-content/uploads/elementor/google-fonts/css/roboto.css?ver=1743374126" "Mozilla/5.0 (Windows NT 10.0; Win64; x64) AppleWebKit/537.36 (KHTML, like Gecko) Chrome/132.0.0.0 Safari/537.36 OPR/117.0.0.0"
79.126.41.53 - - [30/Mar/2025:22:41:32 +0000] "GET /wp-content/uploads/elementor/google-fonts/fonts/roboto-kfo7cnqeu92fr1me7ksn66agldtyluama3yuba.woff2 HTTP/1.1" 304 0 "https://pathtowin.ru/wp-content/uploads/elementor/google-fonts/css/roboto.css?ver=1743374126" "Mozilla/5.0 (Windows NT 10.0; Win64; x64) AppleWebKit/537.36 (KHTML, like Gecko) Chrome/132.0.0.0 Safari/537.36 OPR/117.0.0.0"
79.126.41.53 - - [30/Mar/2025:22:42:02 +0000] "GET /wp-content/uploads/elementor/google-fonts/fonts/roboto-kfo5cnqeu92fr1mu53zec9_vu3r1gihoszmkbnka.woff2 HTTP/1.1" 304 0 "https://pathtowin.ru/wp-content/uploads/elementor/google-fonts/css/roboto.css?ver=1743374126" "Mozilla/5.0 (Windows NT 10.0; Win64; x64) AppleWebKit/537.36 (KHTML, like Gecko) Chrome/132.0.0.0 Safari/537.36 OPR/117.0.0.0"
79.126.41.53 - - [30/Mar/2025:22:43:17 +0000] "GET /wp-content/uploads/elementor/google-fonts/fonts/roboto-kfo7cnqeu92fr1me7ksn66agldtyluama3iubgee.woff2 HTTP/1.1" 304 0 "https://pathtowin.ru/wp-content/uploads/elementor/google-fonts/css/roboto.css?ver=1743374126" "Mozilla/5.0 (Windows NT 10.0; Win64; x64) AppleWebKit/537.36 (KHTML, like Gecko) Chrome/132.0.0.0 Safari/537.36 OPR/117.0.0.0"
79.126.41.53 - - [30/Mar/2025:22:43:17 +0000] "GET /wp-content/uploads/elementor/google-fonts/fonts/roboto-kfo7cnqeu92fr1me7ksn66agldtyluama3yuba.woff2 HTTP/1.1" 304 0 "https://pathtowin.ru/wp-content/uploads/elementor/google-fonts/css/roboto.css?ver=1743374126" "Mozilla/5.0 (Windows NT 10.0; Win64; x64) AppleWebKit/537.36 (KHTML, like Gecko) Chrome/132.0.0.0 Safari/537.36 OPR/117.0.0.0"
